// Jest Snapshot v1, https://goo.gl/fbAQLP

exports[`matches snapshot 1`] = `
<div
  className="container text-center mt-5"
>
  <h4>
    TO-DO LIST
  </h4>
  <NewTodoForm
    create={[Function]}
  />
  <ul
    className="list-group"
  />
</div>
`;
